


ARM Macro Assembler    Page 1 


    1 00000000                 PRESERVE8
    2 00000000                 AREA             interrupts, CODE, READWRITE
    3 00000000         
    4 00000000                 EXPORT           lab7
    5 00000000         
    6 00000000                 EXPORT           FIQ_Handler
    7 00000000         
    8 00000000                 EXTERN           uart_init
    9 00000000                 EXTERN           pin_connect_block_setup_for_uar
t0
   10 00000000                 EXTERN           setup_pins
   11 00000000                 EXTERN           validate_input
   12 00000000                 EXTERN           change_display
   13 00000000                 EXTERN           clear_display
   14 00000000                 EXTERN           toggle_seven_seg
   15 00000000                 EXTERN           read_character
   16 00000000                 EXTERN           output_character
   17 00000000                 EXTERN           output_string
   18 00000000                 EXTERN           new_line
   19 00000000         
   20 00000000                 EXTERN           change_display_digit
   21 00000000                 EXTERN           get_digit
   22 00000000         
   23 00000000                 EXTERN           from_ascii
   24 00000000         
   25 00000000                 EXTERN           store_input
   26 00000000                 EXTERN           get_input
   27 00000000                 EXTERN           clear_input
   28 00000000         
   29 00000000                 EXTERN           is_enemy_alive
   30 00000000                 EXTERN           do_tick
   31 00000000                 EXTERN           handle_input
   32 00000000         
   33 00000000                 EXTERN           get_score_level
   34 00000000                 EXTERN           score_level_
   35 00000000         
   36 00000000 2F 2F 2F 
              2F 00    enemies =                "////",0
   37 00000005 2F 2F 2F 
              2F 00    shields_alive
                               =                "////",0
   38 0000000A 2F 2F 2F 
              2F 00    shields_type
                               =                "////",0
   39 0000000F 57 65 6C 
              63 6F 6D 
              65 20 74 
              6F 20 53 
              70 61 63 
              65 20 49 
              6E 76 61 
              64 65 72 
              73 21 20 
              54 68 65 
              20 70 75 
              72 70 6F 
              73 65 20 
              6F 66 20 
              74 68 65 



ARM Macro Assembler    Page 2 


              20 67 61 
              6D 65 20 
              69 73 20 
              74 6F 20 
              72 61 63 
              6B 20 75 
              70 20 61 
              73 20 6D 
              61 6E 79 
              20 70 6F 
              69 6E 74 
              73 20 61 
              73 20 70 
              6F 73 73 
              62 6C 65 
              20 77 69 
              74 68 69 
              6E 20 32 
              20 6D 69 
              6E 75 74 
              65 73 2E 
              20 45 61 
              63 68 20 
              6C 65 76 
              65 6C 20 
              77 69 6C 
              6C 20 63 
              6F 6E 74 
              61 69 6E 
              20 33 35 
              20 65 6E 
              65 6D 69 
              65 73 20 
              61 6E 64 
              20 33 20 
              72 61 6E 
              64 6F 6D 
              20 6D 6F 
              74 68 65 
              72 73 68 
              69 70 73 
              2E 20 54 
              68 65 20 
              66 69 72 
              73 74 20 
              74 77 6F 
              20 72 6F 
              77 73 20 
              6F 66 20 
              65 6E 65 
              6D 69 65 
              73 20 28 
              27 57 27 
              29 20 77 
              69 6C 6C 
              20 63 6F 
              75 6E 74 
              20 61 73 
              20 31 30 



ARM Macro Assembler    Page 3 


              20 70 6F 
              69 6E 74 
              73 2E 20 
              54 68 65 
              20 6E 65 
              78 74 20 
              74 77 6F 
              20 72 6F 
              77 73 20 
              6F 66 20 
              65 6E 65 
              6D 69 65 
              73 20 28 
              27 4D 27 
              29 20 77 
              69 6C 6C 
              20 63 6F 
              75 6E 74 
              20 61 73 
              20 32 30 
              20 70 6F 
              69 6E 74 
              73 2E 20 
              54 68 65 
              20 66 6F 
              6C 6C 6F 
              77 69 6E 
              67 20 72 
              6F 77 20 
              28 27 4F 
              27 29 20 
              77 69 6C 
              6C 20 63 
              6F 75 6E 
              74 20 61 
              73 20 34 
              30 20 70 
              6F 69 6E 
              74 73 2E 
              20 54 68 
              65 20 6C 
              61 73 74 
              20 72 6F 
              77 20 77 
              69 6C 6C 
              20 63 6F 
              6E 74 61 
              69 6E 20 
              61 20 6D 
              6F 74 68 
              65 72 73 
              68 69 70 
              20 6D 6F 
              76 69 6E 
              67 20 61 
              74 20 61 
              20 64 69 
              66 66 65 
              72 65 6E 



ARM Macro Assembler    Page 4 


              74 20 73 
              70 65 65 
              64 20 69 
              6E 20 72 
              61 6E 64 
              6F 6D 20 
              64 69 72 
              65 63 74 
              69 6F 6E 
              73 20 75 
              6E 6C 69 
              6B 65 20 
              74 68 65 
              20 73 70 
              61 63 65 
              20 69 6E 
              76 61 64 
              65 72 73 
              2E 20 45 
              61 63 68 
              20 6D 6F 
              74 68 65 
              72 73 68 
              69 70 20 
              77 69 6C 
              6C 20 76 
              61 72 79 
              20 69 6E 
              20 70 6F 
              69 6E 74 
              73 20 77 
              69 74 68 
              69 6E 20 
              74 68 65 
              20 72 61 
              6E 67 65 
              20 31 30 
              30 20 74 
              6F 20 33 
              30 30 2E 
              20 49 74 
              20 6F 6E 
              6C 79 20 
              74 61 6B 
              65 73 20 
              6F 6E 65 
              20 73 68 
              6F 74 20 
              74 6F 20 
              6B 69 6C 
              6C 20 61 
              6E 20 65 
              6E 65 6D 
              79 2C 20 
              62 75 74 
              20 74 68 
              65 79 20 
              63 61 6E 
              20 73 68 



ARM Macro Assembler    Page 5 


              6F 6F 74 
              20 62 61 
              63 6B 20 
              61 6E 64 
              20 6B 69 
              6C 6C 20 
              79 6F 75 
              20 69 6E 
              20 6F 6E 
              65 20 73 
              68 6F 74 
              2E 20 55 
              73 65 20 
              79 6F 75 
              72 20 73 
              68 69 65 
              6C 64 73 
              20 74 6F 
              20 70 72 
              6F 74 65 
              63 74 20 
              79 6F 75 
              2E 20 50 
              72 65 73 
              73 20 27 
              61 27 20 
              74 6F 20 
              6D 6F 76 
              65 20 79 
              6F 75 72 
              20 73 70 
              61 63 65 
              73 68 69 
              70 20 6C 
              65 66 74 
              20 61 6E 
              64 20 27 
              64 27 20 
              74 6F 20 
              6D 6F 76 
              65 20 79 
              6F 75 72 
              20 73 70 
              61 63 65 
              73 68 69 
              70 20 72 
              69 67 68 
              74 2E 20 
              50 72 65 
              73 73 20 
              27 77 27 
              20 6F 72 
              20 74 68 
              65 20 73 
              70 61 63 
              65 20 62 
              75 74 74 
              6F 6E 20 
              74 6F 20 



ARM Macro Assembler    Page 6 


              66 69 72 
              65 20 61 
              74 20 79 
              6F 75 72 
              20 65 6E 
              65 6D 69 
              65 73 2E 
              20 42 65 
              20 63 61 
              72 65 66 
              75 6C 20 
              6E 6F 74 
              20 74 6F 
              20 73 68 
              6F 6F 74 
              20 61 74 
              20 79 6F 
              75 72 20 
              73 68 69 
              65 6C 64 
              73 20 6F 
              72 20 65 
              6C 73 65 
              20 74 68 
              65 79 20 
              77 69 6C 
              6C 20 64 
              65 70 6C 
              65 74 65 
              2E 20 4F 
              6E 63 65 
              20 61 6C 
              6C 20 33 
              35 20 73 
              70 61 63 
              65 20 69 
              6E 76 61 
              64 65 72 
              73 20 61 
              72 65 20 
              64 65 73 
              74 72 6F 
              79 65 64 
              2C 20 74 
              68 65 20 
              6C 65 76 
              65 6C 20 
              70 72 6F 
              67 72 65 
              73 73 65 
              73 20 61 
              73 20 77 
              65 6C 6C 
              20 61 73 
              20 74 68 
              65 20 73 
              70 65 65 
              64 20 6F 
              66 20 74 



ARM Macro Assembler    Page 7 


              68 65 20 
              73 70 61 
              63 65 20 
              69 6E 76 
              61 64 65 
              72 73 2E 
              20 59 6F 
              75 20 68 
              61 76 65 
              20 34 20 
              6C 69 76 
              65 73 2C 
              20 65 76 
              65 72 79 
              20 6C 69 
              66 65 20 
              79 6F 75 
              20 6C 6F 
              73 65 20 
              79 6F 75 
              20 77 69 
              6C 6C 20 
              61 6C 73 
              6F 20 6C 
              6F 73 65 
              20 31 30 
              30 20 70 
              6F 69 6E 
              74 73 2E 
              20 4F 6E 
              63 65 20 
              61 6C 6C 
              20 34 20 
              6C 69 76 
              65 73 20 
              61 72 65 
              20 75 73 
              65 64 20 
              75 70 2C 
              20 79 6F 
              75 72 20 
              74 6F 74 
              61 6C 20 
              73 63 6F 
              72 65 20 
              77 69 6C 
              6C 20 62 
              65 20 73 
              68 6F 77 
              6E 2E 20 
              57 68 65 
              6E 20 79 
              6F 75 20 
              61 72 65 
              20 72 65 
              61 64 79 
              20 74 6F 
              20 70 6C 
              61 79 20 



ARM Macro Assembler    Page 8 


              68 69 74 
              20 74 68 
              65 20 6C 
              65 74 74 
              65 72 20 
              27 70 27 
              2E 20 50 
              72 65 73 
              73 20 27 
              6D 27 20 
              74 6F 20 
              71 75 69 
              74 20 74 
              68 65 20 
              67 61 6D 
              65 2E 00 instructions
                               =                "Welcome to Space Invaders! The
 purpose of the game is to rack up as many points as possble within 2 minutes. 
Each level will contain 35 enemies and 3 random motherships. The first two rows
 of enemies ('W') will count as 10 points. The next two rows of enemies ('M') w
ill count as 20 points. The following row ('O') will count as 40 points. The la
st row will contain a mothership moving at a different speed in random directio
ns unlike the space invaders. Each mothership will vary in points within the ra
nge 100 to 300. It only takes one shot to kill an enemy, but they can shoot bac
k and kill you in one shot. Use your shields to protect you. Press 'a' to move 
your spaceship left and 'd' to move your spaceship right. Press 'w' or the spac
e button to fire at your enemies. Be careful not to shoot at your shields or el
se they will deplete. Once all 35 space invaders are destroyed, the level progr
esses as well as the speed of the space invaders. You have 4 lives, every life 
you lose you will also lose 100 points. Once all 4 lives are used up, your tota
l score will be shown. When you are ready to play hit the letter 'p'. Press 'm'
 to quit the game.",0
   40 00000492 00 00           ALIGN
   41 00000494         
   42 00000494         lab7
   43 00000494         
   44 00000494 E92D4000        STMFD            sp!, {lr}
   45 00000498         
   46 00000498 EBFFFFFE        BL               uart_init   ;setup the uart wit
                                                            h its init subrouti
                                                            ne
   47 0000049C EBFFFFFE        BL               pin_connect_block_setup_for_uar
t0 
                                                            ;setup the pin conn
                                                            ect block
   48 000004A0 EBFFFFFE        BL               setup_pins  ;setup pins require
                                                            d for momentary pus
                                                            h button and seven 
                                                            segment display 
   49 000004A4         
   50 000004A4 E59F41B8        LDR              r4, =instructions
   51 000004A8 EBFFFFFE        BL               output_string
   52 000004AC         
   53 000004AC         check_game_start
   54 000004AC EBFFFFFE        BL               read_character
   55 000004B0         
   56 000004B0 E3500070        CMP              r0, #0x70   ;character 'p'
   57 000004B4 1AFFFFFC        BNE              check_game_start
   58 000004B8         



ARM Macro Assembler    Page 9 


   59 000004B8 EB000009        BL               interrupt_init
   60 000004BC EBFFFFFE        BL               clear_display
   61 000004C0         
   62 000004C0 E3A09000        MOV              r9, #0
   63 000004C4         
   64 000004C4 E3A08002        MOV              r8, #2
   65 000004C8         
   66 000004C8         lab7_loop
   67 000004C8         
   68 000004C8 EAFFFFFE        B                lab7_loop
   69 000004CC         
   70 000004CC         lab7_end
   71 000004CC         
   72 000004CC EBFFFFFE        BL               clear_display
   73 000004D0         
   74 000004D0 E59F6190        LDR              r6, =score_level_
   75 000004D4 E1A0E00F        MOV              lr, pc
   76 000004D8 E12FFF16        BX               r6
   77 000004DC         
   78 000004DC E8BD4000        LDMFD            sp!,{lr}
   79 000004E0         
   80 000004E0 E12FFF1E        BX               lr
   81 000004E4         
   82 000004E4         
   83 000004E4         
   84 000004E4         interrupt_init
   85 000004E4         
   86 000004E4 E92D4007        STMFD            SP!, {r0-r2, lr} 
                                                            ; Save registers 
   87 000004E8         
   88 000004E8         ; Push button setup   
   89 000004E8         
   90 000004E8 E59F017C        LDR              r0, =0xE002C000
   91 000004EC         
   92 000004EC E5901000        LDR              r1, [r0]
   93 000004F0         
   94 000004F0 E3811202        ORR              r1, r1, #0x20000000
   95 000004F4         
   96 000004F4 E3C11201        BIC              r1, r1, #0x10000000
   97 000004F8         
   98 000004F8 E5801000        STR              r1, [r0]    ; PINSEL0 bits 29:2
                                                            8 = 10
   99 000004FC         
  100 000004FC         
  101 000004FC         ;key board setup
  102 000004FC E59F016C        LDR              r0, =0xE000C004
  103 00000500         
  104 00000500 E5901000        LDR              r1, [r0]
  105 00000504         
  106 00000504 E3811001        ORR              r1, r1, #0x1
  107 00000508         
  108 00000508 E5801000        STR              r1, [r0]
  109 0000050C         
  110 0000050C         
  111 0000050C         ; Classify sources as IRQ or FIQ
  112 0000050C         
  113 0000050C E59F0160        LDR              r0, =0xFFFFF000
  114 00000510         
  115 00000510 E590100C        LDR              r1, [r0, #0xC]



ARM Macro Assembler    Page 10 


  116 00000514         
  117 00000514 E59F215C        LDR              r2, =0x8050
  118 00000518         
  119 00000518 E1811002        ORR              r1, r1, r2  ; External Interrup
                                                            t 1
  120 0000051C         
  121 0000051C E580100C        STR              r1, [r0, #0xC]
  122 00000520         
  123 00000520         
  124 00000520         
  125 00000520         ; Enable Interrupts
  126 00000520         
  127 00000520 E59F014C        LDR              r0, =0xFFFFF000
  128 00000524         
  129 00000524 E5901010        LDR              r1, [r0, #0x10]
  130 00000528         
  131 00000528 E59F2148        LDR              r2, =0x8050
  132 0000052C         
  133 0000052C E1811002        ORR              r1, r1, r2  ; External Interrup
                                                            t 1
  134 00000530         
  135 00000530 E5801010        STR              r1, [r0, #0x10]
  136 00000534         
  137 00000534         
  138 00000534         
  139 00000534         ; External Interrupt 1 setup for edge sensitive
  140 00000534         
  141 00000534 E59F0140        LDR              r0, =0xE01FC148
  142 00000538         
  143 00000538 E5901000        LDR              r1, [r0]
  144 0000053C         
  145 0000053C E3811002        ORR              r1, r1, #2  ; EINT1 = Edge Sens
                                                            itive
  146 00000540         
  147 00000540 E5801000        STR              r1, [r0]
  148 00000544         
  149 00000544         ; External Timer 0 modify MR0
  150 00000544         
  151 00000544 E59F0134        LDR              r0, =0xE0004018
  152 00000548         
  153 00000548 E59F1134        LDR              r1, =110000
  154 0000054C         
  155 0000054C E5801000        STR              r1, [r0]
  156 00000550         
  157 00000550         
  158 00000550         ; External Timer 0 MCR
  159 00000550         
  160 00000550 E59F0130        LDR              r0, =0xE0004014
  161 00000554         
  162 00000554 E5901000        LDR              r1, [r0]
  163 00000558         
  164 00000558         ;ORR r1, r1, #3
  165 00000558         ;ORR r1, r1, #8
  166 00000558 E3811003        ORR              r1, r1, #0x3
  167 0000055C E3C11020        BIC              r1, r1, #0x20
  168 00000560         
  169 00000560 E5801000        STR              r1, [r0]
  170 00000564         
  171 00000564         ; External Timer 0 timer control register



ARM Macro Assembler    Page 11 


  172 00000564         
  173 00000564 E59F0120        LDR              r0, =0xE0004004
  174 00000568         
  175 00000568 E5901000        LDR              r1, [r0]
  176 0000056C         
  177 0000056C E3811001        ORR              r1, r1, #1
  178 00000570         
  179 00000570 E5801000        STR              r1, [r0]
  180 00000574         
  181 00000574         ; Enable FIQ's, Disable IRQ's
  182 00000574         
  183 00000574 E10F0000        MRS              r0, CPSR
  184 00000578         
  185 00000578 E3C00040        BIC              r0, r0, #0x40
  186 0000057C         
  187 0000057C E3800080        ORR              r0, r0, #0x80
  188 00000580         
  189 00000580 E121F000        MSR              CPSR_c, r0
  190 00000584         
  191 00000584         
  192 00000584         
  193 00000584 E8BD4007        LDMFD            SP!, {r0-r2, lr} 
                                                            ; Restore registers
                                                            
  194 00000588         
  195 00000588 E12FFF1E        BX               lr          ; Return
  196 0000058C         
  197 0000058C         FIQ_Handler
  198 0000058C         
  199 0000058C E92D401F        STMFD            SP!, {r0, r1, r2, r3, r4, lr} 
                                                            ; Save registers
  200 00000590         
  201 00000590         ; Disable Interrupts
  202 00000590         
  203 00000590 E59F00DC        LDR              r0, =0xFFFFF000
  204 00000594         
  205 00000594 E5901010        LDR              r1, [r0, #0x10]
  206 00000598         
  207 00000598 E3A02010        MOV              r2, #0x10
  208 0000059C         
  209 0000059C E1C11002        BIC              r1, r1, r2  ; External Interrup
                                                            t 1
  210 000005A0         
  211 000005A0 E5801010        STR              r1, [r0, #0x10]
  212 000005A4         
  213 000005A4 E59F00E4        LDR              r0, =0xE0004000
  214 000005A8 E5901000        LDR              r1, [r0]
  215 000005AC E3510000        CMP              r1, #0
  216 000005B0 CA000000        BGT              TIMER0
  217 000005B4 EA00000C        B                EINT1
  218 000005B8         
  219 000005B8         TIMER0
  220 000005B8         
  221 000005B8 E3811001        ORR              r1, r1, #1
  222 000005BC E5801000        STR              r1, [r0]
  223 000005C0         
  224 000005C0         TIMER0LOOP
  225 000005C0         
  226 000005C0 E59F20CC        LDR              r2, =do_tick



ARM Macro Assembler    Page 12 


  227 000005C4 E1A0E00F        MOV              lr, pc
  228 000005C8 E12FFF12        BX               r2
  229 000005CC         
  230 000005CC EA000019        B                FIQ_Exit
  231 000005D0         
  232 000005D0         R0_RESET
  233 000005D0 E92D4000        STMFD            SP!, {lr}
  234 000005D4 E3A00000        MOV              r0, #0x0
  235 000005D8 E2811001        ADD              r1, #0x1
  236 000005DC EBFFFFFE        BL               new_line
  237 000005E0 E8BD4000        LDMFD            SP!, {lr}
  238 000005E4 E12FFF1E        BX               lr
  239 000005E8         
  240 000005E8 EA000012        B                FIQ_Exit
  241 000005EC         
  242 000005EC         EINT1                                ; Check for EINT1 i
                                                            nterrupt
  243 000005EC         
  244 000005EC         
  245 000005EC E59F00A4        LDR              r0, =0xE01FC140
  246 000005F0         
  247 000005F0 E5901000        LDR              r1, [r0]
  248 000005F4         
  249 000005F4 E3110002        TST              r1, #2
  250 000005F8         
  251 000005F8 0A000003        BEQ              FIQ_Keys
  252 000005FC         
  253 000005FC EBFFFFFE        BL               toggle_seven_seg
  254 00000600         
  255 00000600 E3811002        ORR              r1, r1, #2  ; Clear Interrupt
  256 00000604         
  257 00000604 E5801000        STR              r1, [r0]
  258 00000608         
  259 00000608 EA00000A        B                FIQ_Exit
  260 0000060C         
  261 0000060C         FIQ_Keys
  262 0000060C         
  263 0000060C E59F0088        LDR              r0, =0xE000C008
  264 00000610         
  265 00000610 E5901000        LDR              r1, [r0]
  266 00000614         
  267 00000614 E2012001        AND              r2, r1, #1
  268 00000618         
  269 00000618 E3520000        CMP              r2, #0
  270 0000061C         
  271 0000061C 1A000005        BNE              FIQ_Exit
  272 00000620         
  273 00000620 EBFFFFFE        BL               read_character
  274 00000624         
  275 00000624 E350006D        CMP              r0, #0x6D
  276 00000628 0AFFFFA7        BEQ              lab7_end
  277 0000062C         
  278 0000062C E59F206C        LDR              r2, =handle_input
  279 00000630 E1A0E00F        MOV              lr, pc
  280 00000634 E12FFF12        BX               r2
  281 00000638         
  282 00000638         
  283 00000638         
  284 00000638         FIQ_Exit



ARM Macro Assembler    Page 13 


  285 00000638         
  286 00000638         ; Enable Interrupts
  287 00000638         
  288 00000638 E59F0034        LDR              r0, =0xFFFFF000
  289 0000063C         
  290 0000063C E5901010        LDR              r1, [r0, #0x10]
  291 00000640         
  292 00000640 E59F2030        LDR              r2, =0x8050
  293 00000644         
  294 00000644 E1811002        ORR              r1, r1, r2  ; External Interrup
                                                            t 1
  295 00000648         
  296 00000648 E5801010        STR              r1, [r0, #0x10]
  297 0000064C         
  298 0000064C E59F003C        LDR              r0, =0xE0004000
  299 00000650 E5901000        LDR              r1, [r0]
  300 00000654         
  301 00000654 E3C11001        BIC              r1, r1, #1
  302 00000658 E5801000        STR              r1, [r0]
  303 0000065C         
  304 0000065C E8BD401F        LDMFD            SP!, {r0, r1, r2, r3, r4, lr}
  305 00000660         
  306 00000660 E25EF004        SUBS             pc, lr, #4
  307 00000664         
  308 00000664         
  309 00000664         
  310 00000664                 END
              00000000 
              00000000 
              E002C000 
              E000C004 
              FFFFF000 
              00008050 
              E01FC148 
              E0004018 
              0001ADB0 
              E0004014 
              E0004004 
              E0004000 
              00000000 
              E01FC140 
              E000C008 
              00000000 
Command Line: --debug --xref --diag_suppress=9931 --apcs=interwork --depend=.\o
bjects\lab7.d -o.\objects\lab7.o -IC:\Keil_v5\ARM\RV31\INC -IC:\Keil_v5\ARM\CMS
IS\Include -IC:\Keil_v5\ARM\INC\Philips --predefine="__EVAL SETA 1" --predefine
="__UVISION_VERSION SETA 524" --list=.\listings\lab7.lst lab7.s



ARM Macro Assembler    Page 1 Alphabetic symbol ordering
Relocatable symbols

EINT1 000005EC

Symbol: EINT1
   Definitions
      At line 242 in file lab7.s
   Uses
      At line 217 in file lab7.s
Comment: EINT1 used once
FIQ_Exit 00000638

Symbol: FIQ_Exit
   Definitions
      At line 284 in file lab7.s
   Uses
      At line 230 in file lab7.s
      At line 240 in file lab7.s
      At line 259 in file lab7.s
      At line 271 in file lab7.s

FIQ_Handler 0000058C

Symbol: FIQ_Handler
   Definitions
      At line 197 in file lab7.s
   Uses
      At line 6 in file lab7.s
Comment: FIQ_Handler used once
FIQ_Keys 0000060C

Symbol: FIQ_Keys
   Definitions
      At line 261 in file lab7.s
   Uses
      At line 251 in file lab7.s
Comment: FIQ_Keys used once
R0_RESET 000005D0

Symbol: R0_RESET
   Definitions
      At line 232 in file lab7.s
   Uses
      None
Comment: R0_RESET unused
TIMER0 000005B8

Symbol: TIMER0
   Definitions
      At line 219 in file lab7.s
   Uses
      At line 216 in file lab7.s
Comment: TIMER0 used once
TIMER0LOOP 000005C0

Symbol: TIMER0LOOP
   Definitions
      At line 224 in file lab7.s
   Uses
      None
Comment: TIMER0LOOP unused



ARM Macro Assembler    Page 2 Alphabetic symbol ordering
Relocatable symbols

check_game_start 000004AC

Symbol: check_game_start
   Definitions
      At line 53 in file lab7.s
   Uses
      At line 57 in file lab7.s
Comment: check_game_start used once
enemies 00000000

Symbol: enemies
   Definitions
      At line 36 in file lab7.s
   Uses
      None
Comment: enemies unused
instructions 0000000F

Symbol: instructions
   Definitions
      At line 39 in file lab7.s
   Uses
      At line 50 in file lab7.s
Comment: instructions used once
interrupt_init 000004E4

Symbol: interrupt_init
   Definitions
      At line 84 in file lab7.s
   Uses
      At line 59 in file lab7.s
Comment: interrupt_init used once
interrupts 00000000

Symbol: interrupts
   Definitions
      At line 2 in file lab7.s
   Uses
      None
Comment: interrupts unused
lab7 00000494

Symbol: lab7
   Definitions
      At line 42 in file lab7.s
   Uses
      At line 4 in file lab7.s
Comment: lab7 used once
lab7_end 000004CC

Symbol: lab7_end
   Definitions
      At line 70 in file lab7.s
   Uses
      At line 276 in file lab7.s
Comment: lab7_end used once
lab7_loop 000004C8

Symbol: lab7_loop



ARM Macro Assembler    Page 3 Alphabetic symbol ordering
Relocatable symbols

   Definitions
      At line 66 in file lab7.s
   Uses
      At line 68 in file lab7.s
Comment: lab7_loop used once
shields_alive 00000005

Symbol: shields_alive
   Definitions
      At line 37 in file lab7.s
   Uses
      None
Comment: shields_alive unused
shields_type 0000000A

Symbol: shields_type
   Definitions
      At line 38 in file lab7.s
   Uses
      None
Comment: shields_type unused
17 symbols



ARM Macro Assembler    Page 1 Alphabetic symbol ordering
External symbols

change_display 00000000

Symbol: change_display
   Definitions
      At line 12 in file lab7.s
   Uses
      None
Comment: change_display unused
change_display_digit 00000000

Symbol: change_display_digit
   Definitions
      At line 20 in file lab7.s
   Uses
      None
Comment: change_display_digit unused
clear_display 00000000

Symbol: clear_display
   Definitions
      At line 13 in file lab7.s
   Uses
      At line 60 in file lab7.s
      At line 72 in file lab7.s

clear_input 00000000

Symbol: clear_input
   Definitions
      At line 27 in file lab7.s
   Uses
      None
Comment: clear_input unused
do_tick 00000000

Symbol: do_tick
   Definitions
      At line 30 in file lab7.s
   Uses
      At line 226 in file lab7.s
Comment: do_tick used once
from_ascii 00000000

Symbol: from_ascii
   Definitions
      At line 23 in file lab7.s
   Uses
      None
Comment: from_ascii unused
get_digit 00000000

Symbol: get_digit
   Definitions
      At line 21 in file lab7.s
   Uses
      None
Comment: get_digit unused
get_input 00000000




ARM Macro Assembler    Page 2 Alphabetic symbol ordering
External symbols

Symbol: get_input
   Definitions
      At line 26 in file lab7.s
   Uses
      None
Comment: get_input unused
get_score_level 00000000

Symbol: get_score_level
   Definitions
      At line 33 in file lab7.s
   Uses
      None
Comment: get_score_level unused
handle_input 00000000

Symbol: handle_input
   Definitions
      At line 31 in file lab7.s
   Uses
      At line 278 in file lab7.s
Comment: handle_input used once
is_enemy_alive 00000000

Symbol: is_enemy_alive
   Definitions
      At line 29 in file lab7.s
   Uses
      None
Comment: is_enemy_alive unused
new_line 00000000

Symbol: new_line
   Definitions
      At line 18 in file lab7.s
   Uses
      At line 236 in file lab7.s
Comment: new_line used once
output_character 00000000

Symbol: output_character
   Definitions
      At line 16 in file lab7.s
   Uses
      None
Comment: output_character unused
output_string 00000000

Symbol: output_string
   Definitions
      At line 17 in file lab7.s
   Uses
      At line 51 in file lab7.s
Comment: output_string used once
pin_connect_block_setup_for_uart0 00000000

Symbol: pin_connect_block_setup_for_uart0
   Definitions
      At line 9 in file lab7.s



ARM Macro Assembler    Page 3 Alphabetic symbol ordering
External symbols

   Uses
      At line 47 in file lab7.s
Comment: pin_connect_block_setup_for_uart0 used once
read_character 00000000

Symbol: read_character
   Definitions
      At line 15 in file lab7.s
   Uses
      At line 54 in file lab7.s
      At line 273 in file lab7.s

score_level_ 00000000

Symbol: score_level_
   Definitions
      At line 34 in file lab7.s
   Uses
      At line 74 in file lab7.s
Comment: score_level_ used once
setup_pins 00000000

Symbol: setup_pins
   Definitions
      At line 10 in file lab7.s
   Uses
      At line 48 in file lab7.s
Comment: setup_pins used once
store_input 00000000

Symbol: store_input
   Definitions
      At line 25 in file lab7.s
   Uses
      None
Comment: store_input unused
toggle_seven_seg 00000000

Symbol: toggle_seven_seg
   Definitions
      At line 14 in file lab7.s
   Uses
      At line 253 in file lab7.s
Comment: toggle_seven_seg used once
uart_init 00000000

Symbol: uart_init
   Definitions
      At line 8 in file lab7.s
   Uses
      At line 46 in file lab7.s
Comment: uart_init used once
validate_input 00000000

Symbol: validate_input
   Definitions
      At line 11 in file lab7.s
   Uses
      None



ARM Macro Assembler    Page 4 Alphabetic symbol ordering
External symbols

Comment: validate_input unused
22 symbols
373 symbols in table
