Component: ARM Compiler 5.06 update 5 (build 528) Tool: armlink [4d35e2]

==============================================================================

Section Cross References

    lab7.o(interrupts) refers to library7.o(library7) for uart_init
    lab7.o(interrupts) refers to library.o(i.do_tick) for do_tick
    lab7.o(interrupts) refers to library.o(i.handle_input) for handle_input
    lab7wrapper.o(i.main) refers to lab7.o(interrupts) for lab7
    library.o(i.collides) refers to library.o(i.is_shield) for is_shield
    library.o(i.collides) refers to library.o(i.get_shield_from_coordinates) for get_shield_from_coordinates
    library.o(i.collides) refers to library.o(i.is_shield_alive) for is_shield_alive
    library.o(i.collides) refers to library.o(i.get_shield_type_int) for get_shield_type_int
    library.o(i.collides) refers to library.o(i.set_shield_alive) for set_shield_alive
    library.o(i.collides) refers to library.o(i.set_shield_type) for set_shield_type
    library.o(i.collides) refers to library.o(i.get_enemy_from_coordinates) for get_enemy_from_coordinates
    library.o(i.collides) refers to library.o(i.get_enemy_alive) for get_enemy_alive
    library.o(i.collides) refers to library.o(i.set_enemy_alive) for set_enemy_alive
    library.o(i.collides) refers to library.o(.data) for player_bullet_y
    library.o(i.do_tick) refers to aeabi_sdiv.o(.text) for __aeabi_idivmod
    library.o(i.do_tick) refers to library.o(i.collides) for collides
    library.o(i.do_tick) refers to library.o(i.draw_board) for draw_board
    library.o(i.do_tick) refers to library.o(.data) for tick
    library.o(i.draw_board) refers to library7.o(library7) for output_character
    library.o(i.draw_board) refers to library.o(i.get_char_at) for get_char_at
    library.o(i.draw_board) refers to library.o(i.pseudo_printf) for pseudo_printf
    library.o(i.get_char_at) refers to library.o(i.is_shield) for is_shield
    library.o(i.get_char_at) refers to library.o(i.get_shield_type) for get_shield_type
    library.o(i.get_char_at) refers to library.o(i.is_player) for is_player
    library.o(i.get_char_at) refers to library.o(i.is_player_bullet) for is_player_bullet
    library.o(i.get_char_at) refers to library.o(i.get_enemy_from_coordinates) for get_enemy_from_coordinates
    library.o(i.get_char_at) refers to library.o(i.get_enemy_alive) for get_enemy_alive
    library.o(i.get_char_at) refers to library.o(i.get_enemy_type) for get_enemy_type
    library.o(i.get_char_at) refers to library.o(i.get_enemy_char) for get_enemy_char
    library.o(i.get_enemy_alive) refers to library.o(.data) for enemies
    library.o(i.get_shield_type) refers to library.o(i.get_shield_from_coordinates) for get_shield_from_coordinates
    library.o(i.get_shield_type) refers to library.o(.data) for shields_types
    library.o(i.get_shield_type_int) refers to library.o(i.get_shield_from_coordinates) for get_shield_from_coordinates
    library.o(i.get_shield_type_int) refers to library.o(.data) for shields_types
    library.o(i.handle_input) refers to library.o(i.shoot) for shoot
    library.o(i.handle_input) refers to library.o(.data) for next_x_
    library.o(i.is_player) refers to library.o(.data) for player_x_
    library.o(i.is_player_bullet) refers to library.o(.data) for player_bullet_x
    library.o(i.is_shield) refers to library.o(i.get_shield_from_coordinates) for get_shield_from_coordinates
    library.o(i.is_shield) refers to library.o(i.is_shield_alive) for is_shield_alive
    library.o(i.is_shield_alive) refers to library.o(.data) for shields
    library.o(i.pseudo_printf) refers to library7.o(library7) for output_character
    library.o(i.set_enemy_alive) refers to library.o(.data) for enemies
    library.o(i.set_shield_alive) refers to library.o(.data) for shields
    library.o(i.set_shield_type) refers to library.o(.data) for shields_types
    library.o(i.shoot) refers to library.o(.data) for player_bullet_x
    startup.o(STACK) refers (Special) to heapauxi.o(.text) for __use_two_region_memory
    startup.o(HEAP) refers (Special) to heapauxi.o(.text) for __use_two_region_memory
    startup.o(RESET) refers (Special) to heapauxi.o(.text) for __use_two_region_memory
    startup.o(RESET) refers to lab7.o(interrupts) for FIQ_Handler
    startup.o(RESET) refers to startup.o(STACK) for Stack_Top
    startup.o(RESET) refers to __main.o(!!!main) for __main
    startup.o(.text) refers (Special) to heapauxi.o(.text) for __use_two_region_memory
    startup.o(.text) refers to startup.o(HEAP) for Heap_Mem
    startup.o(.text) refers to startup.o(STACK) for Stack_Mem
    aeabi_sdiv.o(.text_udiv) refers to aeabi_sdiv.o(.text) for __arm_div2
    aeabi_sdiv_div0.o(.text_udiv) refers to aeabi_sdiv_div0.o(.text) for __arm_div2
    __main.o(!!!main) refers to __rtentry.o(.ARM.Collect$$rtentry$$00000000) for __rt_entry
    __rtentry.o(.ARM.Collect$$rtentry$$00000000) refers (Special) to __rtentry2.o(.ARM.Collect$$rtentry$$0000000A) for __rt_entry_li
    __rtentry.o(.ARM.Collect$$rtentry$$00000000) refers (Special) to __rtentry2.o(.ARM.Collect$$rtentry$$0000000D) for __rt_entry_main
    __rtentry.o(.ARM.Collect$$rtentry$$00000000) refers (Special) to __rtentry2.o(.ARM.Collect$$rtentry$$0000000C) for __rt_entry_postli_1
    __rtentry.o(.ARM.Collect$$rtentry$$00000000) refers (Special) to __rtentry2.o(.ARM.Collect$$rtentry$$00000009) for __rt_entry_postsh_1
    __rtentry.o(.ARM.Collect$$rtentry$$00000000) refers (Special) to __rtentry2.o(.ARM.Collect$$rtentry$$00000002) for __rt_entry_presh_1
    __rtentry.o(.ARM.Collect$$rtentry$$00000000) refers (Special) to __rtentry4.o(.ARM.Collect$$rtentry$$00000004) for __rt_entry_sh
    aeabi_idiv0_sigfpe.o(.text) refers to rt_div0.o(.text) for __rt_div0
    __rtentry2.o(.ARM.Collect$$rtentry$$00000008) refers to boardinit2.o(.text) for _platform_post_stackheap_init
    __rtentry2.o(.ARM.Collect$$rtentry$$0000000A) refers to libinit.o(.ARM.Collect$$libinit$$00000000) for __rt_lib_init
    __rtentry2.o(.ARM.Collect$$rtentry$$0000000B) refers to boardinit3.o(.text) for _platform_post_lib_init
    __rtentry2.o(.ARM.Collect$$rtentry$$0000000D) refers to exit.o(.text) for exit
    __rtentry2.o(.ARM.Collect$$rtentry$$0000000D) refers to lab7wrapper.o(i.main) for main
    __rtentry2.o(.ARM.exidx) refers to __rtentry2.o(.ARM.Collect$$rtentry$$00000001) for .ARM.Collect$$rtentry$$00000001
    __rtentry2.o(.ARM.exidx) refers to __rtentry2.o(.ARM.Collect$$rtentry$$00000008) for .ARM.Collect$$rtentry$$00000008
    __rtentry2.o(.ARM.exidx) refers to __rtentry2.o(.ARM.Collect$$rtentry$$0000000A) for .ARM.Collect$$rtentry$$0000000A
    __rtentry2.o(.ARM.exidx) refers to __rtentry2.o(.ARM.Collect$$rtentry$$0000000B) for .ARM.Collect$$rtentry$$0000000B
    __rtentry2.o(.ARM.exidx) refers to __rtentry2.o(.ARM.Collect$$rtentry$$0000000D) for .ARM.Collect$$rtentry$$0000000D
    __rtentry4.o(.ARM.Collect$$rtentry$$00000004) refers to sys_stackheap_outer.o(.text) for __user_setup_stackheap
    __rtentry4.o(.ARM.exidx) refers to __rtentry4.o(.ARM.Collect$$rtentry$$00000004) for .ARM.Collect$$rtentry$$00000004
    rt_div0.o(.text) refers to defsig_fpe_outer.o(.text) for __rt_SIGFPE
    sys_stackheap_outer.o(.text) refers to libspace.o(.text) for __user_perproc_libspace
    sys_stackheap_outer.o(.text) refers to startup.o(.text) for __user_initial_stackheap
    exit.o(.text) refers to rtexit.o(.ARM.Collect$$rtexit$$00000000) for __rt_exit
    defsig_fpe_outer.o(.text) refers to defsig_fpe_inner.o(.text) for __rt_SIGFPE_inner
    defsig_fpe_outer.o(.text) refers to defsig_exit.o(.text) for __sig_exit
    defsig_fpe_formal.o(.text) refers to rt_raise.o(.text) for __rt_raise
    libinit.o(.ARM.Collect$$libinit$$00000000) refers (Special) to libinit2.o(.ARM.Collect$$libinit$$0000002E) for __rt_lib_init_alloca_1
    libinit.o(.ARM.Collect$$libinit$$00000000) refers (Special) to libinit2.o(.ARM.Collect$$libinit$$0000002C) for __rt_lib_init_argv_1
    libinit.o(.ARM.Collect$$libinit$$00000000) refers (Special) to libinit2.o(.ARM.Collect$$libinit$$0000001B) for __rt_lib_init_atexit_1
    libinit.o(.ARM.Collect$$libinit$$00000000) refers (Special) to libinit2.o(.ARM.Collect$$libinit$$00000021) for __rt_lib_init_clock_1
    libinit.o(.ARM.Collect$$libinit$$00000000) refers (Special) to libinit2.o(.ARM.Collect$$libinit$$00000032) for __rt_lib_init_cpp_1
    libinit.o(.ARM.Collect$$libinit$$00000000) refers (Special) to libinit2.o(.ARM.Collect$$libinit$$00000030) for __rt_lib_init_exceptions_1
    libinit.o(.ARM.Collect$$libinit$$00000000) refers (Special) to libinit2.o(.ARM.Collect$$libinit$$00000002) for __rt_lib_init_fp_1
    libinit.o(.ARM.Collect$$libinit$$00000000) refers (Special) to libinit2.o(.ARM.Collect$$libinit$$0000001F) for __rt_lib_init_fp_trap_1
    libinit.o(.ARM.Collect$$libinit$$00000000) refers (Special) to libinit2.o(.ARM.Collect$$libinit$$00000023) for __rt_lib_init_getenv_1
    libinit.o(.ARM.Collect$$libinit$$00000000) refers (Special) to libinit2.o(.ARM.Collect$$libinit$$0000000A) for __rt_lib_init_heap_1
    libinit.o(.ARM.Collect$$libinit$$00000000) refers (Special) to libinit2.o(.ARM.Collect$$libinit$$00000011) for __rt_lib_init_lc_collate_1
    libinit.o(.ARM.Collect$$libinit$$00000000) refers (Special) to libinit2.o(.ARM.Collect$$libinit$$00000013) for __rt_lib_init_lc_ctype_1
    libinit.o(.ARM.Collect$$libinit$$00000000) refers (Special) to libinit2.o(.ARM.Collect$$libinit$$00000015) for __rt_lib_init_lc_monetary_1
    libinit.o(.ARM.Collect$$libinit$$00000000) refers (Special) to libinit2.o(.ARM.Collect$$libinit$$00000017) for __rt_lib_init_lc_numeric_1
    libinit.o(.ARM.Collect$$libinit$$00000000) refers (Special) to libinit2.o(.ARM.Collect$$libinit$$00000019) for __rt_lib_init_lc_time_1
    libinit.o(.ARM.Collect$$libinit$$00000000) refers (Special) to libinit2.o(.ARM.Collect$$libinit$$00000004) for __rt_lib_init_preinit_1
    libinit.o(.ARM.Collect$$libinit$$00000000) refers (Special) to libinit2.o(.ARM.Collect$$libinit$$0000000E) for __rt_lib_init_rand_1
    libinit.o(.ARM.Collect$$libinit$$00000000) refers (Special) to libinit2.o(.ARM.Collect$$libinit$$00000033) for __rt_lib_init_return
    libinit.o(.ARM.Collect$$libinit$$00000000) refers (Special) to libinit2.o(.ARM.Collect$$libinit$$0000001D) for __rt_lib_init_signal_1
    libinit.o(.ARM.Collect$$libinit$$00000000) refers (Special) to libinit2.o(.ARM.Collect$$libinit$$00000025) for __rt_lib_init_stdio_1
    libinit.o(.ARM.Collect$$libinit$$00000000) refers (Special) to libinit2.o(.ARM.Collect$$libinit$$0000000C) for __rt_lib_init_user_alloc_1
    libspace.o(.text) refers to libspace.o(.bss) for __libspace_start
    rtexit.o(.ARM.Collect$$rtexit$$00000000) refers (Special) to rtexit2.o(.ARM.Collect$$rtexit$$00000004) for __rt_exit_exit
    rtexit.o(.ARM.Collect$$rtexit$$00000000) refers (Special) to rtexit2.o(.ARM.Collect$$rtexit$$00000003) for __rt_exit_ls
    rtexit.o(.ARM.Collect$$rtexit$$00000000) refers (Special) to rtexit2.o(.ARM.Collect$$rtexit$$00000002) for __rt_exit_prels_1
    rtexit.o(.ARM.exidx) refers (Special) to rtexit2.o(.ARM.Collect$$rtexit$$00000004) for __rt_exit_exit
    rtexit.o(.ARM.exidx) refers (Special) to rtexit2.o(.ARM.Collect$$rtexit$$00000003) for __rt_exit_ls
    rtexit.o(.ARM.exidx) refers (Special) to rtexit2.o(.ARM.Collect$$rtexit$$00000002) for __rt_exit_prels_1
    rtexit.o(.ARM.exidx) refers to rtexit.o(.ARM.Collect$$rtexit$$00000000) for .ARM.Collect$$rtexit$$00000000
    rt_raise.o(.text) refers to __raise.o(.text) for __raise
    rt_raise.o(.text) refers to sys_exit.o(.text) for _sys_exit
    defsig_exit.o(.text) refers to sys_exit.o(.text) for _sys_exit
    defsig_fpe_inner.o(.text) refers to defsig_general.o(.text) for __default_signal_display
    libinit2.o(.ARM.Collect$$libinit$$00000001) refers to fpinit.o(x$fpl$fpinit) for _fp_init
    libinit2.o(.ARM.Collect$$libinit$$00000010) refers to libinit2.o(.ARM.Collect$$libinit$$0000000F) for .ARM.Collect$$libinit$$0000000F
    libinit2.o(.ARM.Collect$$libinit$$00000012) refers to libinit2.o(.ARM.Collect$$libinit$$0000000F) for .ARM.Collect$$libinit$$0000000F
    libinit2.o(.ARM.Collect$$libinit$$00000014) refers to libinit2.o(.ARM.Collect$$libinit$$0000000F) for .ARM.Collect$$libinit$$0000000F
    libinit2.o(.ARM.Collect$$libinit$$00000016) refers to libinit2.o(.ARM.Collect$$libinit$$0000000F) for .ARM.Collect$$libinit$$0000000F
    libinit2.o(.ARM.Collect$$libinit$$00000018) refers to libinit2.o(.ARM.Collect$$libinit$$0000000F) for .ARM.Collect$$libinit$$0000000F
    libinit2.o(.ARM.Collect$$libinit$$00000026) refers to argv_veneer.o(.emb_text) for __ARM_argv_veneer
    libinit2.o(.ARM.Collect$$libinit$$00000027) refers to argv_veneer.o(.emb_text) for __ARM_argv_veneer
    sys_exit.o(.text) refers (Special) to use_no_semi.o(.text) for __I$use$semihosting
    sys_exit.o(.text) refers (Special) to indicate_semi.o(.text) for __semihosting_library_function
    rtexit2.o(.ARM.Collect$$rtexit$$00000003) refers to libshutdown.o(.ARM.Collect$$libshutdown$$00000000) for __rt_lib_shutdown
    rtexit2.o(.ARM.Collect$$rtexit$$00000004) refers to sys_exit.o(.text) for _sys_exit
    rtexit2.o(.ARM.exidx) refers to rtexit2.o(.ARM.Collect$$rtexit$$00000001) for .ARM.Collect$$rtexit$$00000001
    rtexit2.o(.ARM.exidx) refers to rtexit2.o(.ARM.Collect$$rtexit$$00000003) for .ARM.Collect$$rtexit$$00000003
    rtexit2.o(.ARM.exidx) refers to rtexit2.o(.ARM.Collect$$rtexit$$00000004) for .ARM.Collect$$rtexit$$00000004
    __raise.o(.text) refers to __raise.o(i.__ARM_common_call_via_r2) for __ARM_common_call_via_r2
    __raise.o(.text) refers to defsig.o(CL$$defsig) for __default_signal_handler
    defsig_general.o(.text) refers to sys_wrch.o(.text) for _ttywrch
    argv_veneer.o(.emb_text) refers to no_argv.o(.text) for __ARM_get_argv
    sys_wrch.o(.text) refers (Special) to use_no_semi.o(.text) for __I$use$semihosting
    sys_wrch.o(.text) refers (Special) to indicate_semi.o(.text) for __semihosting_library_function
    defsig.o(CL$$defsig) refers to defsig_fpe_inner.o(.text) for __rt_SIGFPE_inner
    defsig.o(CL$$defsig) refers to defsig_rtmem_inner.o(.text) for __rt_SIGRTMEM_inner
    _get_argv_nomalloc.o(.text) refers (Special) to hrguard.o(.text) for __heap_region$guard
    _get_argv_nomalloc.o(.text) refers to defsig_rtmem_outer.o(.text) for __rt_SIGRTMEM
    _get_argv_nomalloc.o(.text) refers to sys_command.o(.text) for _sys_command_string
    libshutdown.o(.ARM.Collect$$libshutdown$$00000000) refers (Special) to libshutdown2.o(.ARM.Collect$$libshutdown$$00000002) for __rt_lib_shutdown_cpp_1
    libshutdown.o(.ARM.Collect$$libshutdown$$00000000) refers (Special) to libshutdown2.o(.ARM.Collect$$libshutdown$$00000007) for __rt_lib_shutdown_fp_trap_1
    libshutdown.o(.ARM.Collect$$libshutdown$$00000000) refers (Special) to libshutdown2.o(.ARM.Collect$$libshutdown$$0000000F) for __rt_lib_shutdown_heap_1
    libshutdown.o(.ARM.Collect$$libshutdown$$00000000) refers (Special) to libshutdown2.o(.ARM.Collect$$libshutdown$$00000010) for __rt_lib_shutdown_return
    libshutdown.o(.ARM.Collect$$libshutdown$$00000000) refers (Special) to libshutdown2.o(.ARM.Collect$$libshutdown$$0000000A) for __rt_lib_shutdown_signal_1
    libshutdown.o(.ARM.Collect$$libshutdown$$00000000) refers (Special) to libshutdown2.o(.ARM.Collect$$libshutdown$$00000004) for __rt_lib_shutdown_stdio_1
    libshutdown.o(.ARM.Collect$$libshutdown$$00000000) refers (Special) to libshutdown2.o(.ARM.Collect$$libshutdown$$0000000C) for __rt_lib_shutdown_user_alloc_1
    sys_command.o(.text) refers (Special) to use_no_semi.o(.text) for __I$use$semihosting
    sys_command.o(.text) refers (Special) to indicate_semi.o(.text) for __semihosting_library_function
    defsig_abrt_inner.o(.text) refers to defsig_general.o(.text) for __default_signal_display
    defsig_rtred_inner.o(.text) refers to defsig_general.o(.text) for __default_signal_display
    defsig_rtmem_inner.o(.text) refers to defsig_general.o(.text) for __default_signal_display
    defsig_rtmem_outer.o(.text) refers to defsig_rtmem_inner.o(.text) for __rt_SIGRTMEM_inner
    defsig_rtmem_outer.o(.text) refers to defsig_exit.o(.text) for __sig_exit
    defsig_rtmem_formal.o(.text) refers to rt_raise.o(.text) for __rt_raise
    defsig_stak_inner.o(.text) refers to defsig_general.o(.text) for __default_signal_display
    defsig_pvfn_inner.o(.text) refers to defsig_general.o(.text) for __default_signal_display
    defsig_cppl_inner.o(.text) refers to defsig_general.o(.text) for __default_signal_display
    defsig_segv_inner.o(.text) refers to defsig_general.o(.text) for __default_signal_display
    defsig_other.o(.text) refers to defsig_general.o(.text) for __default_signal_display


==============================================================================

Removing Unused input sections from the image.

    Removing library.o(i.get_from_ascii), (36 bytes).

1 unused section(s) (total 36 bytes) removed from the image.

==============================================================================

Adding Veneers to the image

    Adding AT veneer (8 bytes, Inline) for call to '__rt_lib_init' from __rtentry2.o(.ARM.Collect$$rtentry$$0000000A).
    Adding AT veneer (8 bytes, Inline) for call to '__rt_lib_shutdown' from rtexit2.o(.ARM.Collect$$rtexit$$00000003).
    Adding TA veneer (4 bytes, Inline) for call to '__rt_exit' from exit.o(.text).
    Adding AT veneer (8 bytes, Inline) for call to '_sys_exit' from rtexit2.o(.ARM.Collect$$rtexit$$00000004).
    Adding AA veneer (8 bytes, Long) for call to 'output_character' from library.o(i.draw_board).
    Adding AA veneer (8 bytes, Long) for call to 'lab7' from lab7wrapper.o(i.main).

6 Veneer(s) (total 44 bytes) added to the image.

==============================================================================

Image Symbol Table

    Local Symbols

    Symbol Name                              Value     Ov Type        Size  Object(Section)

    RESET                                    0x00000000   Section      268  startup.o(RESET)
    ../clib/angel/boardlib.s                 0x00000000   Number         0  boardinit3.o ABSOLUTE
    ../clib/angel/boardlib.s                 0x00000000   Number         0  boardinit2.o ABSOLUTE
    ../clib/angel/boardlib.s                 0x00000000   Number         0  boardinit1.o ABSOLUTE
    ../clib/angel/boardlib.s                 0x00000000   Number         0  boardshut.o ABSOLUTE
    ../clib/angel/dczerorl2.s                0x00000000   Number         0  __dczerorl2.o ABSOLUTE
    ../clib/angel/handlers.s                 0x00000000   Number         0  __scatter_zi.o ABSOLUTE
    ../clib/angel/kernel.s                   0x00000000   Number         0  rtexit2.o ABSOLUTE
    ../clib/angel/kernel.s                   0x00000000   Number         0  rtexit.o ABSOLUTE
    ../clib/angel/kernel.s                   0x00000000   Number         0  __rtentry2.o ABSOLUTE
    ../clib/angel/kernel.s                   0x00000000   Number         0  __rtentry4.o ABSOLUTE
    ../clib/angel/kernel.s                   0x00000000   Number         0  __rtentry.o ABSOLUTE
    ../clib/angel/rt.s                       0x00000000   Number         0  rt_raise.o ABSOLUTE
    ../clib/angel/rt.s                       0x00000000   Number         0  aeabi_idiv0_sigfpe.o ABSOLUTE
    ../clib/angel/rt.s                       0x00000000   Number         0  rt_div0.o ABSOLUTE
    ../clib/angel/rt.s                       0x00000000   Number         0  aeabi_idiv0.o ABSOLUTE
    ../clib/angel/scatter.s                  0x00000000   Number         0  __scatter.o ABSOLUTE
    ../clib/angel/startup.s                  0x00000000   Number         0  __main.o ABSOLUTE
    ../clib/angel/sys.s                      0x00000000   Number         0  libspace.o ABSOLUTE
    ../clib/angel/sys.s                      0x00000000   Number         0  use_no_semi.o ABSOLUTE
    ../clib/angel/sys.s                      0x00000000   Number         0  indicate_semi.o ABSOLUTE
    ../clib/angel/sys.s                      0x00000000   Number         0  sys_stackheap_outer.o ABSOLUTE
    ../clib/angel/sysapp.c                   0x00000000   Number         0  sys_command.o ABSOLUTE
    ../clib/angel/sysapp.c                   0x00000000   Number         0  sys_wrch.o ABSOLUTE
    ../clib/angel/sysapp.c                   0x00000000   Number         0  sys_exit.o ABSOLUTE
    ../clib/armsys.c                         0x00000000   Number         0  argv_veneer.o ABSOLUTE
    ../clib/armsys.c                         0x00000000   Number         0  argv_veneer.o ABSOLUTE
    ../clib/armsys.c                         0x00000000   Number         0  _get_argv_nomalloc.o ABSOLUTE
    ../clib/armsys.c                         0x00000000   Number         0  no_argv.o ABSOLUTE
    ../clib/division.s                       0x00000000   Number         0  aeabi_sdiv_div0.o ABSOLUTE
    ../clib/division.s                       0x00000000   Number         0  aeabi_sdiv.o ABSOLUTE
    ../clib/divrt.s                          0x00000000   Number         0  divrt_7tdmi_div0.o ABSOLUTE
    ../clib/divrt.s                          0x00000000   Number         0  divrt_7tdmi.o ABSOLUTE
    ../clib/heapalloc.c                      0x00000000   Number         0  hrguard.o ABSOLUTE
    ../clib/heapaux.c                        0x00000000   Number         0  heapauxi.o ABSOLUTE
    ../clib/libinit.s                        0x00000000   Number         0  libshutdown2.o ABSOLUTE
    ../clib/libinit.s                        0x00000000   Number         0  libinit2.o ABSOLUTE
    ../clib/libinit.s                        0x00000000   Number         0  libshutdown.o ABSOLUTE
    ../clib/libinit.s                        0x00000000   Number         0  libinit.o ABSOLUTE
    ../clib/signal.c                         0x00000000   Number         0  defsig_abrt_inner.o ABSOLUTE
    ../clib/signal.c                         0x00000000   Number         0  defsig_rtmem_inner.o ABSOLUTE
    ../clib/signal.c                         0x00000000   Number         0  defsig_general.o ABSOLUTE
    ../clib/signal.c                         0x00000000   Number         0  __raise.o ABSOLUTE
    ../clib/signal.c                         0x00000000   Number         0  defsig_other.o ABSOLUTE
    ../clib/signal.c                         0x00000000   Number         0  defsig_segv_inner.o ABSOLUTE
    ../clib/signal.c                         0x00000000   Number         0  defsig_cppl_inner.o ABSOLUTE
    ../clib/signal.c                         0x00000000   Number         0  defsig_pvfn_inner.o ABSOLUTE
    ../clib/signal.c                         0x00000000   Number         0  defsig_fpe_inner.o ABSOLUTE
    ../clib/signal.c                         0x00000000   Number         0  defsig_exit.o ABSOLUTE
    ../clib/signal.c                         0x00000000   Number         0  defsig_fpe_outer.o ABSOLUTE
    ../clib/signal.c                         0x00000000   Number         0  defsig_fpe_formal.o ABSOLUTE
    ../clib/signal.c                         0x00000000   Number         0  defsig_stak_inner.o ABSOLUTE
    ../clib/signal.c                         0x00000000   Number         0  defsig_rtmem_formal.o ABSOLUTE
    ../clib/signal.c                         0x00000000   Number         0  defsig_rtmem_outer.o ABSOLUTE
    ../clib/signal.c                         0x00000000   Number         0  defsig_rtred_inner.o ABSOLUTE
    ../clib/signal.s                         0x00000000   Number         0  defsig.o ABSOLUTE
    ../clib/stdlib.c                         0x00000000   Number         0  exit.o ABSOLUTE
    ../fplib/fpinit.s                        0x00000000   Number         0  fpinit.o ABSOLUTE
    Startup.s                                0x00000000   Number         0  startup.o ABSOLUTE
    dc.s                                     0x00000000   Number         0  dc.o ABSOLUTE
    lab7.s                                   0x00000000   Number         0  lab7.o ABSOLUTE
    lab7wrapper.c                            0x00000000   Number         0  lab7wrapper.o ABSOLUTE
    library.c                                0x00000000   Number         0  library.o ABSOLUTE
    library7.s                               0x00000000   Number         0  library7.o ABSOLUTE
    Undef_Handler                            0x00000040   ARM Code       4  startup.o(RESET)
    SWI_Handler                              0x00000044   ARM Code       4  startup.o(RESET)
    PAbt_Handler                             0x00000048   ARM Code       4  startup.o(RESET)
    DAbt_Handler                             0x0000004c   ARM Code       4  startup.o(RESET)
    IRQ_Handler                              0x00000050   ARM Code       4  startup.o(RESET)
    !!!main                                  0x0000010c   Section        8  __main.o(!!!main)
    !!!scatter                               0x00000114   Section       60  __scatter.o(!!!scatter)
    !!dczerorl2                              0x00000150   Section       92  __dczerorl2.o(!!dczerorl2)
    _decompress_loop                         0x0000015b   Thumb Code     0  __dczerorl2.o(!!dczerorl2)
    _decompress_zerolen                      0x00000169   Thumb Code     0  __dczerorl2.o(!!dczerorl2)
    _decompress_litn                         0x00000171   Thumb Code     0  __dczerorl2.o(!!dczerorl2)
    _decompress_lit                          0x00000175   Thumb Code     0  __dczerorl2.o(!!dczerorl2)
    _decompress_copyorzero                   0x00000181   Thumb Code     0  __dczerorl2.o(!!dczerorl2)
    _decompress_zero                         0x00000189   Thumb Code     0  __dczerorl2.o(!!dczerorl2)
    _decompress_copyn                        0x00000193   Thumb Code     0  __dczerorl2.o(!!dczerorl2)
    _decompress_copy                         0x0000019b   Thumb Code     0  __dczerorl2.o(!!dczerorl2)
    _decompress_end                          0x000001a7   Thumb Code     0  __dczerorl2.o(!!dczerorl2)
    !!handler_zi                             0x000001ac   Section       44  __scatter_zi.o(!!handler_zi)
    .ARM.Collect$$libinit$$00000000          0x000001e0   Section        2  libinit.o(.ARM.Collect$$libinit$$00000000)
    .ARM.Collect$$libinit$$00000002          0x000001e2   Section        0  libinit2.o(.ARM.Collect$$libinit$$00000002)
    .ARM.Collect$$libinit$$00000004          0x000001e2   Section        0  libinit2.o(.ARM.Collect$$libinit$$00000004)
    .ARM.Collect$$libinit$$0000000A          0x000001e2   Section        0  libinit2.o(.ARM.Collect$$libinit$$0000000A)
    .ARM.Collect$$libinit$$0000000C          0x000001e2   Section        0  libinit2.o(.ARM.Collect$$libinit$$0000000C)
    .ARM.Collect$$libinit$$0000000E          0x000001e2   Section        0  libinit2.o(.ARM.Collect$$libinit$$0000000E)
    .ARM.Collect$$libinit$$00000011          0x000001e2   Section        0  libinit2.o(.ARM.Collect$$libinit$$00000011)
    .ARM.Collect$$libinit$$00000013          0x000001e2   Section        0  libinit2.o(.ARM.Collect$$libinit$$00000013)
    .ARM.Collect$$libinit$$00000015          0x000001e2   Section        0  libinit2.o(.ARM.Collect$$libinit$$00000015)
    .ARM.Collect$$libinit$$00000017          0x000001e2   Section        0  libinit2.o(.ARM.Collect$$libinit$$00000017)
    .ARM.Collect$$libinit$$00000019          0x000001e2   Section        0  libinit2.o(.ARM.Collect$$libinit$$00000019)
    .ARM.Collect$$libinit$$0000001B          0x000001e2   Section        0  libinit2.o(.ARM.Collect$$libinit$$0000001B)
    .ARM.Collect$$libinit$$0000001D          0x000001e2   Section        0  libinit2.o(.ARM.Collect$$libinit$$0000001D)
    .ARM.Collect$$libinit$$0000001F          0x000001e2   Section        0  libinit2.o(.ARM.Collect$$libinit$$0000001F)
    .ARM.Collect$$libinit$$00000021          0x000001e2   Section        0  libinit2.o(.ARM.Collect$$libinit$$00000021)
    .ARM.Collect$$libinit$$00000023          0x000001e2   Section        0  libinit2.o(.ARM.Collect$$libinit$$00000023)
    .ARM.Collect$$libinit$$00000025          0x000001e2   Section        0  libinit2.o(.ARM.Collect$$libinit$$00000025)
    .ARM.Collect$$libinit$$0000002C          0x000001e2   Section        0  libinit2.o(.ARM.Collect$$libinit$$0000002C)
    .ARM.Collect$$libinit$$0000002E          0x000001e2   Section        0  libinit2.o(.ARM.Collect$$libinit$$0000002E)
    .ARM.Collect$$libinit$$00000030          0x000001e2   Section        0  libinit2.o(.ARM.Collect$$libinit$$00000030)
    .ARM.Collect$$libinit$$00000032          0x000001e2   Section        0  libinit2.o(.ARM.Collect$$libinit$$00000032)
    .ARM.Collect$$libinit$$00000033          0x000001e2   Section       12  libinit2.o(.ARM.Collect$$libinit$$00000033)
    .ARM.Collect$$libshutdown$$00000000      0x000001f8   Section        4  libshutdown.o(.ARM.Collect$$libshutdown$$00000000)
    .ARM.Collect$$libshutdown$$00000002      0x000001fc   Section        0  libshutdown2.o(.ARM.Collect$$libshutdown$$00000002)
    .ARM.Collect$$libshutdown$$00000004      0x000001fc   Section        0  libshutdown2.o(.ARM.Collect$$libshutdown$$00000004)
    .ARM.Collect$$libshutdown$$00000007      0x000001fc   Section        0  libshutdown2.o(.ARM.Collect$$libshutdown$$00000007)
    .ARM.Collect$$libshutdown$$0000000A      0x000001fc   Section        0  libshutdown2.o(.ARM.Collect$$libshutdown$$0000000A)
    .ARM.Collect$$libshutdown$$0000000C      0x000001fc   Section        0  libshutdown2.o(.ARM.Collect$$libshutdown$$0000000C)
    .ARM.Collect$$libshutdown$$0000000F      0x000001fc   Section        0  libshutdown2.o(.ARM.Collect$$libshutdown$$0000000F)
    .ARM.Collect$$libshutdown$$00000010      0x000001fc   Section        6  libshutdown2.o(.ARM.Collect$$libshutdown$$00000010)
    .ARM.Collect$$rtentry$$00000000          0x00000204   Section        0  __rtentry.o(.ARM.Collect$$rtentry$$00000000)
    .ARM.Collect$$rtentry$$00000002          0x00000204   Section        0  __rtentry2.o(.ARM.Collect$$rtentry$$00000002)
    .ARM.Collect$$rtentry$$00000004          0x00000204   Section        8  __rtentry4.o(.ARM.Collect$$rtentry$$00000004)
    .ARM.Collect$$rtentry$$00000009          0x0000020c   Section        0  __rtentry2.o(.ARM.Collect$$rtentry$$00000009)
    .ARM.Collect$$rtentry$$0000000A          0x0000020c   Section        4  __rtentry2.o(.ARM.Collect$$rtentry$$0000000A)
    .ARM.Collect$$rtentry$$0000000C          0x00000210   Section        0  __rtentry2.o(.ARM.Collect$$rtentry$$0000000C)
    .ARM.Collect$$rtentry$$0000000D          0x00000210   Section       40  __rtentry2.o(.ARM.Collect$$rtentry$$0000000D)
    .ARM.Collect$$rtexit$$00000000           0x0000023c   Section        4  rtexit.o(.ARM.Collect$$rtexit$$00000000)
    .ARM.Collect$$rtexit$$00000002           0x00000240   Section        0  rtexit2.o(.ARM.Collect$$rtexit$$00000002)
    .ARM.Collect$$rtexit$$00000003           0x00000240   Section        4  rtexit2.o(.ARM.Collect$$rtexit$$00000003)
    .ARM.Collect$$rtexit$$00000004           0x00000244   Section        8  rtexit2.o(.ARM.Collect$$rtexit$$00000004)
    .text                                    0x0000024c   Section       32  startup.o(.text)
    .text                                    0x0000026c   Section      384  aeabi_sdiv.o(.text)
    __arm_div8                               0x00000298   ARM Code       0  aeabi_sdiv.o(.text)
    __arm_div5                               0x000002bc   ARM Code       0  aeabi_sdiv.o(.text)
    __arm_div2                               0x000002e0   ARM Code       0  aeabi_sdiv.o(.text)
    __arm_div_large                          0x0000031c   ARM Code       0  aeabi_sdiv.o(.text)
    .text                                    0x000003ec   Section        0  heapauxi.o(.text)
    .text                                    0x000003f4   Section       96  sys_stackheap_outer.o(.text)
    .text                                    0x00000454   Section        0  exit.o(.text)
    .text                                    0x00000468   Section       12  libspace.o(.text)
    .text                                    0x0000047c   Section        0  sys_exit.o(.text)
    .text                                    0x00000488   Section        4  use_no_semi.o(.text)
    .text                                    0x0000048c   Section        0  indicate_semi.o(.text)
    i.collides                               0x0000049c   Section        0  library.o(i.collides)
    i.do_tick                                0x000005e0   Section        0  library.o(i.do_tick)
    i.draw_board                             0x000006dc   Section        0  library.o(i.draw_board)
    i.get_char_at                            0x0000072c   Section        0  library.o(i.get_char_at)
    i.get_enemy_alive                        0x00000844   Section        0  library.o(i.get_enemy_alive)
    i.get_enemy_char                         0x00000884   Section        0  library.o(i.get_enemy_char)
    i.get_enemy_from_coordinates             0x000008bc   Section        0  library.o(i.get_enemy_from_coordinates)
    i.get_enemy_type                         0x00000918   Section        0  library.o(i.get_enemy_type)
    i.get_shield_from_coordinates            0x00000944   Section        0  library.o(i.get_shield_from_coordinates)
    i.get_shield_type                        0x00000a18   Section        0  library.o(i.get_shield_type)
    i.get_shield_type_int                    0x00000a6c   Section        0  library.o(i.get_shield_type_int)
    i.handle_input                           0x00000ab8   Section        0  library.o(i.handle_input)
    i.is_player                              0x00000b20   Section        0  library.o(i.is_player)
    i.is_player_bullet                       0x00000b5c   Section        0  library.o(i.is_player_bullet)
    i.is_shield                              0x00000b98   Section        0  library.o(i.is_shield)
    i.is_shield_alive                        0x00000bc0   Section        0  library.o(i.is_shield_alive)
    i.main                                   0x00000c00   Section        0  lab7wrapper.o(i.main)
    i.pseudo_printf                          0x00000c14   Section        0  library.o(i.pseudo_printf)
    i.set_enemy_alive                        0x00000c3c   Section        0  library.o(i.set_enemy_alive)
    i.set_shield_alive                       0x00000c80   Section        0  library.o(i.set_shield_alive)
    i.set_shield_type                        0x00000cc4   Section        0  library.o(i.set_shield_type)
    i.shoot                                  0x00000d08   Section        0  library.o(i.shoot)
    interrupts                               0x40000000   Section      508  lab7.o(interrupts)
    enemies                                  0x40000000   Data           5  lab7.o(interrupts)
    library7                                 0x400001fc   Section      820  library7.o(library7)
    digits_SET                               0x400001fc   Data           0  library7.o(library7)
    .data                                    0x40000530   Section       60  library.o(.data)
    .bss                                     0x4000056c   Section       96  libspace.o(.bss)
    HEAP                                     0x400005d0   Section        0  startup.o(HEAP)
    STACK                                    0x400005d0   Section     1160  startup.o(STACK)
    Heap_Mem                                 0x400005d0   Data           0  startup.o(HEAP)
    Stack_Mem                                0x400005d0   Data        1024  startup.o(STACK)
    Stack_Top                                0x40000a58   Data           0  startup.o(STACK)

    Global Symbols

    Symbol Name                              Value     Ov Type        Size  Object(Section)

    BuildAttributes$$THM_ISAv1$ARM_ISAv4$S$PE$A:L22$X:L11$S22$IEEE1$IW$USESV6$~STKCKD$USESV7$~SHL$OSPACE$ROPI$EBA8$UX$STANDARDLIB$REQ8$EABIv2 0x00000000   Number         0  anon$$obj.o ABSOLUTE
    __ARM_use_no_argv                        0x00000000   Number         0  lab7wrapper.o ABSOLUTE
    __ARM_exceptions_init                     - Undefined Weak Reference
    __alloca_initialize                       - Undefined Weak Reference
    __arm_preinit_                            - Undefined Weak Reference
    __cpp_initialize__aeabi_                  - Undefined Weak Reference
    __cxa_finalize                            - Undefined Weak Reference
    __rt_locale                               - Undefined Weak Reference
    __sigvec_lookup                           - Undefined Weak Reference
    _atexit_init                              - Undefined Weak Reference
    _call_atexit_fns                          - Undefined Weak Reference
    _clock_init                               - Undefined Weak Reference
    _fp_trap_init                             - Undefined Weak Reference
    _fp_trap_shutdown                         - Undefined Weak Reference
    _get_lc_collate                           - Undefined Weak Reference
    _get_lc_ctype                             - Undefined Weak Reference
    _get_lc_monetary                          - Undefined Weak Reference
    _get_lc_numeric                           - Undefined Weak Reference
    _get_lc_time                              - Undefined Weak Reference
    _getenv_init                              - Undefined Weak Reference
    _handle_redirection                       - Undefined Weak Reference
    _init_alloc                               - Undefined Weak Reference
    _init_user_alloc                          - Undefined Weak Reference
    _initio                                   - Undefined Weak Reference
    _rand_init                                - Undefined Weak Reference
    _signal_finish                            - Undefined Weak Reference
    _signal_init                              - Undefined Weak Reference
    _terminate_alloc                          - Undefined Weak Reference
    _terminate_user_alloc                     - Undefined Weak Reference
    _terminateio                              - Undefined Weak Reference
    Reset_Handler                            0x00000054   ARM Code       0  startup.o(RESET)
    __main                                   0x0000010c   ARM Code       8  __main.o(!!!main)
    __scatterload                            0x00000114   ARM Code       0  __scatter.o(!!!scatter)
    __scatterload_rt2                        0x00000114   ARM Code      52  __scatter.o(!!!scatter)
    __scatterload_null                       0x00000128   ARM Code       0  __scatter.o(!!!scatter)
    __decompress                             0x00000150   ARM Code      92  __dczerorl2.o(!!dczerorl2)
    __decompress1                            0x00000150   ARM Code       0  __dczerorl2.o(!!dczerorl2)
    __scatterload_zeroinit                   0x000001ac   ARM Code      44  __scatter_zi.o(!!handler_zi)
    Inline ARM to Thumb Veneer to __rt_lib_init 0x000001d8   ARM Code       8  libinit.o(.ARM.Collect$$libinit$$00000000)
    __rt_lib_init                            0x000001e1   Thumb Code     0  libinit.o(.ARM.Collect$$libinit$$00000000)
    __rt_lib_init_alloca_1                   0x000001e3   Thumb Code     0  libinit2.o(.ARM.Collect$$libinit$$0000002E)
    __rt_lib_init_argv_1                     0x000001e3   Thumb Code     0  libinit2.o(.ARM.Collect$$libinit$$0000002C)
    __rt_lib_init_atexit_1                   0x000001e3   Thumb Code     0  libinit2.o(.ARM.Collect$$libinit$$0000001B)
    __rt_lib_init_clock_1                    0x000001e3   Thumb Code     0  libinit2.o(.ARM.Collect$$libinit$$00000021)
    __rt_lib_init_cpp_1                      0x000001e3   Thumb Code     0  libinit2.o(.ARM.Collect$$libinit$$00000032)
    __rt_lib_init_exceptions_1               0x000001e3   Thumb Code     0  libinit2.o(.ARM.Collect$$libinit$$00000030)
    __rt_lib_init_fp_1                       0x000001e3   Thumb Code     0  libinit2.o(.ARM.Collect$$libinit$$00000002)
    __rt_lib_init_fp_trap_1                  0x000001e3   Thumb Code     0  libinit2.o(.ARM.Collect$$libinit$$0000001F)
    __rt_lib_init_getenv_1                   0x000001e3   Thumb Code     0  libinit2.o(.ARM.Collect$$libinit$$00000023)
    __rt_lib_init_heap_1                     0x000001e3   Thumb Code     0  libinit2.o(.ARM.Collect$$libinit$$0000000A)
    __rt_lib_init_lc_collate_1               0x000001e3   Thumb Code     0  libinit2.o(.ARM.Collect$$libinit$$00000011)
    __rt_lib_init_lc_ctype_1                 0x000001e3   Thumb Code     0  libinit2.o(.ARM.Collect$$libinit$$00000013)
    __rt_lib_init_lc_monetary_1              0x000001e3   Thumb Code     0  libinit2.o(.ARM.Collect$$libinit$$00000015)
    __rt_lib_init_lc_numeric_1               0x000001e3   Thumb Code     0  libinit2.o(.ARM.Collect$$libinit$$00000017)
    __rt_lib_init_lc_time_1                  0x000001e3   Thumb Code     0  libinit2.o(.ARM.Collect$$libinit$$00000019)
    __rt_lib_init_preinit_1                  0x000001e3   Thumb Code     0  libinit2.o(.ARM.Collect$$libinit$$00000004)
    __rt_lib_init_rand_1                     0x000001e3   Thumb Code     0  libinit2.o(.ARM.Collect$$libinit$$0000000E)
    __rt_lib_init_return                     0x000001e3   Thumb Code     0  libinit2.o(.ARM.Collect$$libinit$$00000033)
    __rt_lib_init_signal_1                   0x000001e3   Thumb Code     0  libinit2.o(.ARM.Collect$$libinit$$0000001D)
    __rt_lib_init_stdio_1                    0x000001e3   Thumb Code     0  libinit2.o(.ARM.Collect$$libinit$$00000025)
    __rt_lib_init_user_alloc_1               0x000001e3   Thumb Code     0  libinit2.o(.ARM.Collect$$libinit$$0000000C)
    Inline ARM to Thumb Veneer to __rt_lib_shutdown 0x000001f0   ARM Code       8  libshutdown.o(.ARM.Collect$$libshutdown$$00000000)
    __rt_lib_shutdown                        0x000001f9   Thumb Code     0  libshutdown.o(.ARM.Collect$$libshutdown$$00000000)
    __rt_lib_shutdown_cpp_1                  0x000001fd   Thumb Code     0  libshutdown2.o(.ARM.Collect$$libshutdown$$00000002)
    __rt_lib_shutdown_fp_trap_1              0x000001fd   Thumb Code     0  libshutdown2.o(.ARM.Collect$$libshutdown$$00000007)
    __rt_lib_shutdown_heap_1                 0x000001fd   Thumb Code     0  libshutdown2.o(.ARM.Collect$$libshutdown$$0000000F)
    __rt_lib_shutdown_return                 0x000001fd   Thumb Code     0  libshutdown2.o(.ARM.Collect$$libshutdown$$00000010)
    __rt_lib_shutdown_signal_1               0x000001fd   Thumb Code     0  libshutdown2.o(.ARM.Collect$$libshutdown$$0000000A)
    __rt_lib_shutdown_stdio_1                0x000001fd   Thumb Code     0  libshutdown2.o(.ARM.Collect$$libshutdown$$00000004)
    __rt_lib_shutdown_user_alloc_1           0x000001fd   Thumb Code     0  libshutdown2.o(.ARM.Collect$$libshutdown$$0000000C)
    __rt_entry                               0x00000204   ARM Code       0  __rtentry.o(.ARM.Collect$$rtentry$$00000000)
    __rt_entry_presh_1                       0x00000204   ARM Code       0  __rtentry2.o(.ARM.Collect$$rtentry$$00000002)
    __rt_entry_sh                            0x00000204   ARM Code       0  __rtentry4.o(.ARM.Collect$$rtentry$$00000004)
    __rt_entry_li                            0x0000020c   ARM Code       0  __rtentry2.o(.ARM.Collect$$rtentry$$0000000A)
    __rt_entry_postsh_1                      0x0000020c   ARM Code       0  __rtentry2.o(.ARM.Collect$$rtentry$$00000009)
    __rt_entry_main                          0x00000210   ARM Code       0  __rtentry2.o(.ARM.Collect$$rtentry$$0000000D)
    __rt_entry_postli_1                      0x00000210   ARM Code       0  __rtentry2.o(.ARM.Collect$$rtentry$$0000000C)
    Inline Thumb to ARM Veneer to __rt_exit  0x00000239   Thumb Code     4  rtexit.o(.ARM.Collect$$rtexit$$00000000)
    __rt_exit                                0x0000023c   ARM Code       0  rtexit.o(.ARM.Collect$$rtexit$$00000000)
    __rt_exit_ls                             0x00000240   ARM Code       0  rtexit2.o(.ARM.Collect$$rtexit$$00000003)
    __rt_exit_prels_1                        0x00000240   ARM Code       0  rtexit2.o(.ARM.Collect$$rtexit$$00000002)
    __rt_exit_exit                           0x00000244   ARM Code       0  rtexit2.o(.ARM.Collect$$rtexit$$00000004)
    __user_initial_stackheap                 0x0000024c   ARM Code       0  startup.o(.text)
    __aeabi_idiv                             0x0000026c   ARM Code       0  aeabi_sdiv.o(.text)
    __aeabi_idivmod                          0x0000026c   ARM Code     384  aeabi_sdiv.o(.text)
    __use_two_region_memory                  0x000003ed   Thumb Code     2  heapauxi.o(.text)
    __rt_heap_escrow$2region                 0x000003ef   Thumb Code     2  heapauxi.o(.text)
    __rt_heap_expand$2region                 0x000003f1   Thumb Code     2  heapauxi.o(.text)
    __user_setup_stackheap                   0x000003f4   ARM Code      96  sys_stackheap_outer.o(.text)
    exit                                     0x00000455   Thumb Code    20  exit.o(.text)
    __user_libspace                          0x00000468   ARM Code      12  libspace.o(.text)
    __user_perproc_libspace                  0x00000468   ARM Code       0  libspace.o(.text)
    __user_perthread_libspace                0x00000468   ARM Code       0  libspace.o(.text)
    Inline ARM to Thumb Veneer to _sys_exit  0x00000474   ARM Code       8  sys_exit.o(.text)
    _sys_exit                                0x0000047d   Thumb Code     8  sys_exit.o(.text)
    __I$use$semihosting                      0x00000488   ARM Code       0  use_no_semi.o(.text)
    __use_no_semihosting_swi                 0x00000488   ARM Code       4  use_no_semi.o(.text)
    Long ARM to ARM Veneer to output_character 0x0000048c   ARM Code       8  anon$$obj.o(Veneer$$Code)
    __semihosting_library_function           0x0000048c   ARM Code       0  indicate_semi.o(.text)
    Long ARM to ARM Veneer to lab7           0x00000494   ARM Code       8  anon$$obj.o(Veneer$$Code)
    collides                                 0x0000049c   ARM Code     316  library.o(i.collides)
    do_tick                                  0x000005e0   ARM Code     228  library.o(i.do_tick)
    draw_board                               0x000006dc   ARM Code      80  library.o(i.draw_board)
    get_char_at                              0x0000072c   ARM Code     252  library.o(i.get_char_at)
    get_enemy_alive                          0x00000844   ARM Code      60  library.o(i.get_enemy_alive)
    get_enemy_char                           0x00000884   ARM Code      44  library.o(i.get_enemy_char)
    get_enemy_from_coordinates               0x000008bc   ARM Code      92  library.o(i.get_enemy_from_coordinates)
    get_enemy_type                           0x00000918   ARM Code      44  library.o(i.get_enemy_type)
    get_shield_from_coordinates              0x00000944   ARM Code     212  library.o(i.get_shield_from_coordinates)
    get_shield_type                          0x00000a18   ARM Code      72  library.o(i.get_shield_type)
    get_shield_type_int                      0x00000a6c   ARM Code      72  library.o(i.get_shield_type_int)
    handle_input                             0x00000ab8   ARM Code     100  library.o(i.handle_input)
    is_player                                0x00000b20   ARM Code      52  library.o(i.is_player)
    is_player_bullet                         0x00000b5c   ARM Code      52  library.o(i.is_player_bullet)
    is_shield                                0x00000b98   ARM Code      40  library.o(i.is_shield)
    is_shield_alive                          0x00000bc0   ARM Code      60  library.o(i.is_shield_alive)
    main                                     0x00000c00   ARM Code      20  lab7wrapper.o(i.main)
    pseudo_printf                            0x00000c14   ARM Code      40  library.o(i.pseudo_printf)
    set_enemy_alive                          0x00000c3c   ARM Code      64  library.o(i.set_enemy_alive)
    set_shield_alive                         0x00000c80   ARM Code      64  library.o(i.set_shield_alive)
    set_shield_type                          0x00000cc4   ARM Code      64  library.o(i.set_shield_type)
    shoot                                    0x00000d08   ARM Code      56  library.o(i.shoot)
    Region$$Table$$Base                      0x00000d50   Number         0  anon$$obj.o(Region$$Table)
    Region$$Table$$Limit                     0x00000d70   Number         0  anon$$obj.o(Region$$Table)
    lab7                                     0x40000010   ARM Code       0  lab7.o(interrupts)
    FIQ_Handler                              0x400000f0   ARM Code       0  lab7.o(interrupts)
    uart_init                                0x4000023c   ARM Code       0  library7.o(library7)
    pin_connect_block_setup_for_uart0        0x40000278   ARM Code       0  library7.o(library7)
    setup_pins                               0x40000298   ARM Code       0  library7.o(library7)
    validate_input                           0x400002b0   ARM Code       0  library7.o(library7)
    from_ascii                               0x40000300   ARM Code       0  library7.o(library7)
    toggle_seven_seg                         0x40000328   ARM Code       0  library7.o(library7)
    change_display                           0x40000350   ARM Code       0  library7.o(library7)
    change_display_digit                     0x40000378   ARM Code       0  library7.o(library7)
    clear_display                            0x40000428   ARM Code       0  library7.o(library7)
    read_character                           0x40000440   ARM Code       0  library7.o(library7)
    output_character                         0x40000464   ARM Code       0  library7.o(library7)
    output_string                            0x40000490   ARM Code       0  library7.o(library7)
    new_line                                 0x400004b0   ARM Code       0  library7.o(library7)
    level_                                   0x40000530   Data           4  library.o(.data)
    player_x_                                0x40000534   Data           4  library.o(.data)
    player_y_                                0x40000538   Data           4  library.o(.data)
    next_x_                                  0x4000053c   Data           4  library.o(.data)
    next_shoot                               0x40000540   Data           4  library.o(.data)
    player_bullet_x                          0x40000544   Data           4  library.o(.data)
    player_bullet_y                          0x40000548   Data           4  library.o(.data)
    enemy_bullet_x                           0x4000054c   Data           4  library.o(.data)
    enemy_bullet_y                           0x40000550   Data           4  library.o(.data)
    lives                                    0x40000554   Data           4  library.o(.data)
    score_total_                             0x40000558   Data           4  library.o(.data)
    enemies                                  0x4000055c   Data           4  library.o(.data)
    shields                                  0x40000560   Data           4  library.o(.data)
    shields_types                            0x40000564   Data           4  library.o(.data)
    tick                                     0x40000568   Data           4  library.o(.data)
    __libspace_start                         0x4000056c   Data          96  libspace.o(.bss)
    __temporary_stack_top$libspace           0x400005cc   Data           0  libspace.o(.bss)



==============================================================================

Memory Map of the image

  Image Entry point : 0x0000010c

  Load Region LR_IROM1 (Base: 0x00000000, Size: 0x000012dc, Max: 0x00080000, ABSOLUTE, COMPRESSED[0x000010d4])

    Execution Region ER_IROM1 (Exec base: 0x00000000, Load base: 0x00000000, Size: 0x00000d70, Max: 0x00080000, ABSOLUTE)

    Exec Addr    Load Addr    Size         Type   Attr      Idx    E Section Name        Object

    0x00000000   0x00000000   0x0000010c   Code   RO          169    RESET               startup.o
    0x0000010c   0x0000010c   0x00000008   Code   RO          195  * !!!main             c_t.l(__main.o)
    0x00000114   0x00000114   0x0000003c   Code   RO          366    !!!scatter          c_t.l(__scatter.o)
    0x00000150   0x00000150   0x0000005c   Code   RO          364    !!dczerorl2         c_t.l(__dczerorl2.o)
    0x000001ac   0x000001ac   0x0000002c   Code   RO          368    !!handler_zi        c_t.l(__scatter_zi.o)
    0x000001d8   0x000001d8   0x00000008   Ven    RO          232    .ARM.Collect$$libinit$$00000000  c_t.l(libinit.o)
    0x000001e0   0x000001e0   0x00000002   Code   RO          232    .ARM.Collect$$libinit$$00000000  c_t.l(libinit.o)
    0x000001e2   0x000001e2   0x00000000   Code   RO          245    .ARM.Collect$$libinit$$00000002  c_t.l(libinit2.o)
    0x000001e2   0x000001e2   0x00000000   Code   RO          247    .ARM.Collect$$libinit$$00000004  c_t.l(libinit2.o)
    0x000001e2   0x000001e2   0x00000000   Code   RO          250    .ARM.Collect$$libinit$$0000000A  c_t.l(libinit2.o)
    0x000001e2   0x000001e2   0x00000000   Code   RO          252    .ARM.Collect$$libinit$$0000000C  c_t.l(libinit2.o)
    0x000001e2   0x000001e2   0x00000000   Code   RO          254    .ARM.Collect$$libinit$$0000000E  c_t.l(libinit2.o)
    0x000001e2   0x000001e2   0x00000000   Code   RO          257    .ARM.Collect$$libinit$$00000011  c_t.l(libinit2.o)
    0x000001e2   0x000001e2   0x00000000   Code   RO          259    .ARM.Collect$$libinit$$00000013  c_t.l(libinit2.o)
    0x000001e2   0x000001e2   0x00000000   Code   RO          261    .ARM.Collect$$libinit$$00000015  c_t.l(libinit2.o)
    0x000001e2   0x000001e2   0x00000000   Code   RO          263    .ARM.Collect$$libinit$$00000017  c_t.l(libinit2.o)
    0x000001e2   0x000001e2   0x00000000   Code   RO          265    .ARM.Collect$$libinit$$00000019  c_t.l(libinit2.o)
    0x000001e2   0x000001e2   0x00000000   Code   RO          267    .ARM.Collect$$libinit$$0000001B  c_t.l(libinit2.o)
    0x000001e2   0x000001e2   0x00000000   Code   RO          269    .ARM.Collect$$libinit$$0000001D  c_t.l(libinit2.o)
    0x000001e2   0x000001e2   0x00000000   Code   RO          271    .ARM.Collect$$libinit$$0000001F  c_t.l(libinit2.o)
    0x000001e2   0x000001e2   0x00000000   Code   RO          273    .ARM.Collect$$libinit$$00000021  c_t.l(libinit2.o)
    0x000001e2   0x000001e2   0x00000000   Code   RO          275    .ARM.Collect$$libinit$$00000023  c_t.l(libinit2.o)
    0x000001e2   0x000001e2   0x00000000   Code   RO          277    .ARM.Collect$$libinit$$00000025  c_t.l(libinit2.o)
    0x000001e2   0x000001e2   0x00000000   Code   RO          281    .ARM.Collect$$libinit$$0000002C  c_t.l(libinit2.o)
    0x000001e2   0x000001e2   0x00000000   Code   RO          283    .ARM.Collect$$libinit$$0000002E  c_t.l(libinit2.o)
    0x000001e2   0x000001e2   0x00000000   Code   RO          285    .ARM.Collect$$libinit$$00000030  c_t.l(libinit2.o)
    0x000001e2   0x000001e2   0x00000000   Code   RO          287    .ARM.Collect$$libinit$$00000032  c_t.l(libinit2.o)
    0x000001e2   0x000001e2   0x0000000c   Code   RO          288    .ARM.Collect$$libinit$$00000033  c_t.l(libinit2.o)
    0x000001ee   0x000001ee   0x00000002   PAD
    0x000001f0   0x000001f0   0x00000008   Ven    RO          321    .ARM.Collect$$libshutdown$$00000000  c_t.l(libshutdown.o)
    0x000001f8   0x000001f8   0x00000004   Code   RO          321    .ARM.Collect$$libshutdown$$00000000  c_t.l(libshutdown.o)
    0x000001fc   0x000001fc   0x00000000   Code   RO          347    .ARM.Collect$$libshutdown$$00000002  c_t.l(libshutdown2.o)
    0x000001fc   0x000001fc   0x00000000   Code   RO          349    .ARM.Collect$$libshutdown$$00000004  c_t.l(libshutdown2.o)
    0x000001fc   0x000001fc   0x00000000   Code   RO          352    .ARM.Collect$$libshutdown$$00000007  c_t.l(libshutdown2.o)
    0x000001fc   0x000001fc   0x00000000   Code   RO          355    .ARM.Collect$$libshutdown$$0000000A  c_t.l(libshutdown2.o)
    0x000001fc   0x000001fc   0x00000000   Code   RO          357    .ARM.Collect$$libshutdown$$0000000C  c_t.l(libshutdown2.o)
    0x000001fc   0x000001fc   0x00000000   Code   RO          360    .ARM.Collect$$libshutdown$$0000000F  c_t.l(libshutdown2.o)
    0x000001fc   0x000001fc   0x00000006   Code   RO          361    .ARM.Collect$$libshutdown$$00000010  c_t.l(libshutdown2.o)
    0x00000202   0x00000202   0x00000002   PAD
    0x00000204   0x00000204   0x00000000   Code   RO          197    .ARM.Collect$$rtentry$$00000000  c_t.l(__rtentry.o)
    0x00000204   0x00000204   0x00000000   Code   RO          203    .ARM.Collect$$rtentry$$00000002  c_t.l(__rtentry2.o)
    0x00000204   0x00000204   0x00000008   Code   RO          215    .ARM.Collect$$rtentry$$00000004  c_t.l(__rtentry4.o)
    0x0000020c   0x0000020c   0x00000000   Code   RO          205    .ARM.Collect$$rtentry$$00000009  c_t.l(__rtentry2.o)
    0x0000020c   0x0000020c   0x00000004   Code   RO          206    .ARM.Collect$$rtentry$$0000000A  c_t.l(__rtentry2.o)
    0x00000210   0x00000210   0x00000000   Code   RO          208    .ARM.Collect$$rtentry$$0000000C  c_t.l(__rtentry2.o)
    0x00000210   0x00000210   0x00000028   Code   RO          209    .ARM.Collect$$rtentry$$0000000D  c_t.l(__rtentry2.o)
    0x00000238   0x00000238   0x00000004   Ven    RO          236    .ARM.Collect$$rtexit$$00000000  c_t.l(rtexit.o)
    0x0000023c   0x0000023c   0x00000004   Code   RO          236    .ARM.Collect$$rtexit$$00000000  c_t.l(rtexit.o)
    0x00000240   0x00000240   0x00000000   Code   RO          292    .ARM.Collect$$rtexit$$00000002  c_t.l(rtexit2.o)
    0x00000240   0x00000240   0x00000004   Code   RO          293    .ARM.Collect$$rtexit$$00000003  c_t.l(rtexit2.o)
    0x00000244   0x00000244   0x00000008   Code   RO          294    .ARM.Collect$$rtexit$$00000004  c_t.l(rtexit2.o)
    0x0000024c   0x0000024c   0x00000020   Code   RO          170    .text               startup.o
    0x0000026c   0x0000026c   0x00000180   Code   RO          177    .text               c_t.l(aeabi_sdiv.o)
    0x000003ec   0x000003ec   0x00000006   Code   RO          193    .text               c_t.l(heapauxi.o)
    0x000003f2   0x000003f2   0x00000002   PAD
    0x000003f4   0x000003f4   0x00000060   Code   RO          219    .text               c_t.l(sys_stackheap_outer.o)
    0x00000454   0x00000454   0x00000014   Code   RO          221    .text               c_t.l(exit.o)
    0x00000468   0x00000468   0x0000000c   Code   RO          233    .text               c_t.l(libspace.o)
    0x00000474   0x00000474   0x00000008   Ven    RO          289    .text               c_t.l(sys_exit.o)
    0x0000047c   0x0000047c   0x0000000c   Code   RO          289    .text               c_t.l(sys_exit.o)
    0x00000488   0x00000488   0x00000004   Code   RO          310    .text               c_t.l(use_no_semi.o)
    0x0000048c   0x0000048c   0x00000000   Code   RO          312    .text               c_t.l(indicate_semi.o)
    0x0000048c   0x0000048c   0x00000008   Ven    RO          374    Veneer$$Code        anon$$obj.o
    0x00000494   0x00000494   0x00000008   Ven    RO          375    Veneer$$Code        anon$$obj.o
    0x0000049c   0x0000049c   0x00000144   Code   RO           16    i.collides          library.o
    0x000005e0   0x000005e0   0x000000fc   Code   RO           17    i.do_tick           library.o
    0x000006dc   0x000006dc   0x00000050   Code   RO           18    i.draw_board        library.o
    0x0000072c   0x0000072c   0x00000118   Code   RO           19    i.get_char_at       library.o
    0x00000844   0x00000844   0x00000040   Code   RO           20    i.get_enemy_alive   library.o
    0x00000884   0x00000884   0x00000038   Code   RO           21    i.get_enemy_char    library.o
    0x000008bc   0x000008bc   0x0000005c   Code   RO           22    i.get_enemy_from_coordinates  library.o
    0x00000918   0x00000918   0x0000002c   Code   RO           23    i.get_enemy_type    library.o
    0x00000944   0x00000944   0x000000d4   Code   RO           25    i.get_shield_from_coordinates  library.o
    0x00000a18   0x00000a18   0x00000054   Code   RO           26    i.get_shield_type   library.o
    0x00000a6c   0x00000a6c   0x0000004c   Code   RO           27    i.get_shield_type_int  library.o
    0x00000ab8   0x00000ab8   0x00000068   Code   RO           28    i.handle_input      library.o
    0x00000b20   0x00000b20   0x0000003c   Code   RO           29    i.is_player         library.o
    0x00000b5c   0x00000b5c   0x0000003c   Code   RO           30    i.is_player_bullet  library.o
    0x00000b98   0x00000b98   0x00000028   Code   RO           31    i.is_shield         library.o
    0x00000bc0   0x00000bc0   0x00000040   Code   RO           32    i.is_shield_alive   library.o
    0x00000c00   0x00000c00   0x00000014   Code   RO            6    i.main              lab7wrapper.o
    0x00000c14   0x00000c14   0x00000028   Code   RO           33    i.pseudo_printf     library.o
    0x00000c3c   0x00000c3c   0x00000044   Code   RO           34    i.set_enemy_alive   library.o
    0x00000c80   0x00000c80   0x00000044   Code   RO           35    i.set_shield_alive  library.o
    0x00000cc4   0x00000cc4   0x00000044   Code   RO           36    i.set_shield_type   library.o
    0x00000d08   0x00000d08   0x00000048   Code   RO           37    i.shoot             library.o
    0x00000d50   0x00000d50   0x00000020   Data   RO          362    Region$$Table       anon$$obj.o


    Execution Region RW_IRAM1 (Exec base: 0x40000000, Load base: 0x00000d70, Size: 0x00000a58, Max: 0x00008000, ABSOLUTE, COMPRESSED[0x00000364])

    Exec Addr    Load Addr    Size         Type   Attr      Idx    E Section Name        Object

    0x40000000   COMPRESSED   0x000001fc   Code   RW            1    interrupts          lab7.o
    0x400001fc   COMPRESSED   0x00000334   Code   RW          164    library7            library7.o
    0x40000530   COMPRESSED   0x0000003c   Data   RW           38    .data               library.o
    0x4000056c        -       0x00000060   Zero   RW          234    .bss                c_t.l(libspace.o)
    0x400005cc   COMPRESSED   0x00000004   PAD
    0x400005d0        -       0x00000000   Zero   RW          168    HEAP                startup.o
    0x400005d0        -       0x00000488   Zero   RW          167    STACK               startup.o


==============================================================================

Image component sizes


      Code (inc. data)   RO Data    RW Data    ZI Data      Debug   Object Name

       508         76          0          0          0        328   lab7.o
        20          0          0          0          0       1843   lab7wrapper.o
      2208        144          0         60          0      11314   library.o
       820        112          0          0          0        364   library7.o
       300         60          0          0       1160        452   startup.o

    ----------------------------------------------------------------------
      3872        400         32         60       1160      14301   Object Totals
        16          8         32          0          0          0   (incl. Generated)
         0          0          0          0          0          0   (incl. Padding)

    ----------------------------------------------------------------------

      Code (inc. data)   RO Data    RW Data    ZI Data      Debug   Library Member Name

        92          0          0          0          0          0   __dczerorl2.o
         8          0          0          0          0         68   __main.o
         0          0          0          0          0          0   __rtentry.o
        44          4          0          0          0          0   __rtentry2.o
         8          0          0          0          0          0   __rtentry4.o
        60          8          0          0          0          0   __scatter.o
        44          0          0          0          0          0   __scatter_zi.o
       384          0          0          0          0         80   aeabi_sdiv.o
        20          0          0          0          0         80   exit.o
         6          0          0          0          0        136   heapauxi.o
         0          0          0          0          0          0   indicate_semi.o
        10          0          0          0          0          0   libinit.o
        12          0          0          0          0          0   libinit2.o
        12          0          0          0          0          0   libshutdown.o
         6          0          0          0          0          0   libshutdown2.o
        12          4          0          0         96         68   libspace.o
         8          0          0          0          0          0   rtexit.o
        12          0          0          0          0          0   rtexit2.o
        20          4          0          0          0         60   sys_exit.o
        96          0          0          0          0         80   sys_stackheap_outer.o
         4          0          0          0          0         68   use_no_semi.o

    ----------------------------------------------------------------------
       864         20          0          0        100        640   Library Totals
         6          0          0          0          4          0   (incl. Padding)

    ----------------------------------------------------------------------

      Code (inc. data)   RO Data    RW Data    ZI Data      Debug   Library Name

       858         20          0          0         96        640   c_t.l

    ----------------------------------------------------------------------
       864         20          0          0        100        640   Library Totals

    ----------------------------------------------------------------------

==============================================================================


      Code (inc. data)   RO Data    RW Data    ZI Data      Debug   

      4736        420         32         60       1260      13861   Grand Totals
      4736        420         32        868       1260      13861   ELF Image Totals (compressed)
      4736        420         32        868          0          0   ROM Totals

==============================================================================

    Total RO  Size (Code + RO Data)                 4768 (   4.66kB)
    Total RW  Size (RW Data + ZI Data)              1320 (   1.29kB)
    Total ROM Size (Code + RO Data + RW Data)       5636 (   5.50kB)

==============================================================================

